// Vitest Snapshot v1, https://vitest.dev/guide/snapshot.html

exports[`SearchBar > should render searchbar correctly 1`] = `
<div>
  <div
    class="flex items-center justify-center gap-2.5 mt-2.5"
  >
    <input
      class="w-full max-w-xs p-2.5 border border-solid border-[#ccc] rounded-md text-lg text-[#333] bg-white"
      placeholder="Buscar"
      type="text"
      value=""
    />
    <button
      class="p-2.5 border border-solid border-[#ccc] rounded-md text-lg text-white bg-black cursor-pointer transition-colors duration-300 ease-in-out hover:bg-[#333]"
    >
      Buscar
    </button>
  </div>
</div>
`;
