// Vitest Snapshot v1, https://vitest.dev/guide/snapshot.html

exports[`GifsApp > should render components properly 1`] = `
<div>
  <div
    class="p-1 min-h-screen bg-[#242424] text-white"
  >
    <header
      class="flex flex-col items-center"
    >
      <h1
        class="text-[2rem] font-bold m-0 text-center"
      >
        Buscador de Gifs
      </h1>
      <p
        class="py-3"
      >
        Descubre y comparte el gif perfecto
      </p>
    </header>
    <div
      class="flex items-center justify-center gap-2.5 mt-2.5"
    >
      <input
        class="w-full max-w-xs p-2.5 border border-solid border-[#ccc] rounded-md text-lg text-[#333] bg-white"
        placeholder="Buscar gifs"
        type="text"
        value=""
      />
      <button
        class="p-2.5 border border-solid border-[#ccc] rounded-md text-lg text-white bg-black cursor-pointer transition-colors duration-300 ease-in-out hover:bg-[#333]"
      >
        Buscar
      </button>
    </div>
    <div
      class="flex flex-col items-center justify-center gap-2.5 mt-2.5"
    >
      <h2
        class="text-2xl font-bold m-0 text-center"
      >
        Búsquedas Previas
      </h2>
      <ul
        class="flex items-center justify-center gap-2.5 list-none pt-4 m-0 flex-wrap max-w-96"
      />
    </div>
    <div
      class="grid grid-cols-2 gap-2.5 w-full max-w-300 mx-auto md:grid-cols-3 md:gap-5 lg:grid-cols-4 lg:gap-7.5 xl:grid-cols-5 xl:gap-10"
    />
  </div>
</div>
`;
